INFO:__main__:Configured DSPy with Gemini
INFO:__main__:Starting documentation generation...
ERROR:__main__:Documentation generation failed: 'FileProcessor' object has no attribute 'get_template_files'
ERROR:__main__:Application failed: Failed to generate documentation: 'FileProcessor' object has no attribute 'get_template_files'
Traceback (most recent call last):
  File "/home/arpit/coding/multi-agent/mcp_server/documentation_agent.py", line 231, in generate_documentation
    template_files = self.file_processor.get_template_files()
                     ^^^^^^^^^^^^^^^^^^^^^^^^^^^^^^^^^^^^^^
AttributeError: 'FileProcessor' object has no attribute 'get_template_files'

During handling of the above exception, another exception occurred:

Traceback (most recent call last):
  File "<frozen runpy>", line 198, in _run_module_as_main
  File "<frozen runpy>", line 88, in _run_code
  File "/home/arpit/coding/multi-agent/mcp_server/documentation_agent.py", line 335, in <module>
    main()
  File "/home/arpit/coding/multi-agent/mcp_server/documentation_agent.py", line 307, in main
    output = agent.generate_documentation()
             ^^^^^^^^^^^^^^^^^^^^^^^^^^^^^^
  File "/home/arpit/coding/multi-agent/mcp_server/documentation_agent.py", line 297, in generate_documentation
    raise DocumentationGenerationError(f"Failed to generate documentation: {e}")
DocumentationGenerationError: Failed to generate documentation: 'FileProcessor' object has no attribute 'get_template_files'